#
# A fatal error has been detected by the Java Runtime Environment:
#
#  EXCEPTION_ACCESS_VIOLATION (0xc0000005) at pc=0x00007ff81021b5c6, pid=16096, tid=21908
#
# JRE version: OpenJDK Runtime Environment Temurin-21.0.4+7 (21.0.4+7) (build 21.0.4+7-LTS)
# Java VM: OpenJDK 64-Bit Server VM Temurin-21.0.4+7 (21.0.4+7-LTS, mixed mode, sharing, tiered, compressed oops, compressed class ptrs, g1 gc, windows-amd64)
# Problematic frame:
# C  [awt.dll+0xdb5c6]
#
# No core dump will be written. Minidumps are not enabled by default on client versions of Windows
#
# If you would like to submit a bug report, please visit:
#   https://github.com/adoptium/adoptium-support/issues
# The crash happened outside the Java Virtual Machine in native code.
# See problematic frame for where to report the bug.
#

---------------  S U M M A R Y ------------

Command Line: -XX:MaxGCPauseMillis=50 -agentlib:jdwp=transport=dt_shmem,address=javadebug -Dfile.encoding=UTF-8 bluej.runtime.ExecServer UTF-8

Host: AMD Ryzen 7 9800X3D 8-Core Processor           , 8 cores, 61G,  Windows 11 , 64 bit Build 26100 (10.0.26100.8328)
Time: Tue Jun  2 18:56:31 2026 Pacific Daylight Time elapsed time: 3697.313116 seconds (0d 1h 1m 37s)

---------------  T H R E A D  ---------------

Current thread (0x000001c588101430):  JavaThread "AWT-EventQueue-0"        [_thread_in_native, id=21908, stack(0x0000005681700000,0x0000005681800000) (1024K)]

Stack: [0x0000005681700000,0x0000005681800000],  sp=0x00000056817fe980,  free space=1018k
Native frames: (J=compiled Java code, j=interpreted, Vv=VM code, C=native code)
C  [awt.dll+0xdb5c6]

Java frames: (J=compiled Java code, j=interpreted, Vv=VM code)
j  sun.awt.Win32GraphicsDevice.initNativeScale(I)V+0 java.desktop@21.0.4
j  sun.awt.Win32GraphicsDevice.initScaleFactors()V+60 java.desktop@21.0.4
j  sun.awt.Win32GraphicsDevice.displayChanged()V+16 java.desktop@21.0.4
j  sun.awt.Win32GraphicsEnvironment.displayChanged()V+271 java.desktop@21.0.4
j  sun.awt.windows.WToolkit.lambda$displayChanged$4()V+15 java.desktop@21.0.4
j  sun.awt.windows.WToolkit$$Lambda+0x000001c501169498.run()V+0 java.desktop@21.0.4
j  java.awt.event.InvocationEvent.dispatch()V+47 java.desktop@21.0.4
j  java.awt.EventQueue.dispatchEventImpl(Ljava/awt/AWTEvent;Ljava/lang/Object;)V+21 java.desktop@21.0.4
j  java.awt.EventQueue$4.run()Ljava/lang/Void;+32 java.desktop@21.0.4
j  java.awt.EventQueue$4.run()Ljava/lang/Object;+1 java.desktop@21.0.4
j  java.security.AccessController.executePrivileged(Ljava/security/PrivilegedAction;Ljava/security/AccessControlContext;Ljava/lang/Class;)Ljava/lang/Object;+29 java.base@21.0.4
j  java.security.AccessController.doPrivileged(Ljava/security/PrivilegedAction;Ljava/security/AccessControlContext;)Ljava/lang/Object;+13 java.base@21.0.4
j  java.security.ProtectionDomain$JavaSecurityAccessImpl.doIntersectionPrivilege(Ljava/security/PrivilegedAction;Ljava/security/AccessControlContext;Ljava/security/AccessControlContext;)Ljava/lang/Object;+18 java.base@21.0.4
j  java.awt.EventQueue.dispatchEvent(Ljava/awt/AWTEvent;)V+46 java.desktop@21.0.4
j  java.awt.EventDispatchThread.pumpOneEventForFilters(I)V+81 java.desktop@21.0.4
j  java.awt.EventDispatchThread.pumpEventsForFilter(ILjava/awt/Conditional;Ljava/awt/EventFilter;)V+35 java.desktop@21.0.4
j  java.awt.EventDispatchThread.pumpEventsForHierarchy(ILjava/awt/Conditional;Ljava/awt/Component;)V+11 java.desktop@21.0.4
j  java.awt.EventDispatchThread.pumpEvents(ILjava/awt/Conditional;)V+4 java.desktop@21.0.4
j  java.awt.EventDispatchThread.pumpEvents(Ljava/awt/Conditional;)V+3 java.desktop@21.0.4
j  java.awt.EventDispatchThread.run()V+9 java.desktop@21.0.4
v  ~StubRoutines::call_stub 0x000001c554aa10e7

siginfo: EXCEPTION_ACCESS_VIOLATION (0xc0000005), reading address 0x000000010000004e


Registers:
RAX=0x00000000fffffffe, RBX=0x000001c58afa7200, RCX=0x00000000fffffffe, RDX=0x0000000000000000
RSP=0x00000056817fe980, RBP=0x00000056817fea60, RSI=0x000000043a63f900, RDI=0x0000000000000000
R8 =0x0000000000000001, R9 =0x00000056ff24e000, R10=0x000001c554ab0887, R11=0x0000000000000100
R12=0x0000000000000000, R13=0x000001c5743aa960, R14=0x00000056817fea88, R15=0x000001c588101430
RIP=0x00007ff81021b5c6, EFLAGS=0x0000000000010202


Register to memory mapping:

RAX=0x00000000fffffffe is an unknown value
RBX=0x000001c58afa7200 points into unknown readable memory: 0x000001c57312eb50 | 50 eb 12 73 c5 01 00 00
RCX=0x00000000fffffffe is an unknown value
RDX=0x0 is null
RSP=0x00000056817fe980 is pointing into the stack for thread: 0x000001c588101430
RBP=0x00000056817fea60 is pointing into the stack for thread: 0x000001c588101430
RSI=0x000000043a63f900 is an oop: [Ljava.lang.Object; 
{0x000000043a63f900} - klass: 'java/lang/Object'[]
 - length: 10
RDI=0x0 is null
R8 =0x0000000000000001 is an unknown value
R9 =0x00000056ff24e000 points into unknown readable memory: 0x0000000000000000 | 00 00 00 00 00 00 00 00
R10=0x000001c554ab0887 is at code_begin+1927 in an Interpreter codelet
native method entry point (kind = native)  [0x000001c554ab0100, 0x000001c554ab1438]  4920 bytes
R11=0x0000000000000100 is an unknown value
R12=0x0 is null
R13={method} {0x000001c5743aa968} 'initNativeScale' '(I)V' in 'sun/awt/Win32GraphicsDevice'
R14=0x00000056817fea88 is pointing into the stack for thread: 0x000001c588101430
R15=0x000001c588101430 is a thread

Top of Stack: (sp=0x00000056817fe980)
0x00000056817fe980:   000001c58afa7200 00007fff9550696f
0x00000056817fe990:   00007fff95db41a0 000001c58afa7200
0x00000056817fe9a0:   000001c58afa7200 00007ff81021ce02
0x00000056817fe9b0:   00007ff81027a848 000001c5743aa960
0x00000056817fe9c0:   000001c50116a788 000001c554afee49
0x00000056817fe9d0:   000001c554aa96b9 000001c554ab08b6
0x00000056817fe9e0:   000001c5743aa960 000000043a63f900
0x00000056817fe9f0:   0000000000000000 0000000000000000
0x00000056817fea00:   0000000000000000 0000000000000000
0x00000056817fea10:   0000000000000000 00000056817fea18
0x00000056817fea20:   0000000000000000 0000000000000005
0x00000056817fea30:   000001c5743ad998 0000000000000000
0x00000056817fea40:   00000004277d4520 000001c5743aa960
0x00000056817fea50:   0000000000000000 00000056817fea80
0x00000056817fea60:   00000056817fead8 000001c554aa91b4
0x00000056817fea70:   0000000000000000 000001c554aac6f7
0x00000056817fea80:   0000000000000000 000000043a29a2d8
0x00000056817fea90:   00000056817fea90 000001c5743aafb4
0x00000056817feaa0:   0000000000000002 000001c5743ad998
0x00000056817feab0:   0000000000000000 00000004277d4520
0x00000056817feac0:   000001c5743ab000 00000056817fea80
0x00000056817fead0:   00000056817feae8 00000056817feb38
0x00000056817feae0:   000001c554aa91b4 000000043a29a2d8
0x00000056817feaf0:   00000056817feaf0 000001c5743ac878
0x00000056817feb00:   0000000000000003 000001c5743ad998
0x00000056817feb10:   0000000000000000 00000004277d4520
0x00000056817feb20:   000001c5743ac8c0 00000056817feae8
0x00000056817feb30:   00000056817feb50 00000056817feba0
0x00000056817feb40:   000001c554aa91b4 0000000000000000
0x00000056817feb50:   000000043a29a2d8 00000056817feb58
0x00000056817feb60:   000001c57439b927 0000000000000008
0x00000056817feb70:   000001c57439f7f8 0000000000000000 

Instructions: (pc=0x00007ff81021b5c6)
0x00007ff81021b4c6:   00 68 00 00 00 0f 11 44 24 34 0f 11 44 24 44 0f
0x00007ff81021b4d6:   11 44 24 54 0f 11 44 24 64 0f 11 44 24 74 0f 11
0x00007ff81021b4e6:   84 24 84 00 00 00 89 84 24 94 00 00 00 c7 44 24
0x00007ff81021b4f6:   30 68 00 00 00 48 8d 94 24 a0 00 00 00 48 8b cd
0x00007ff81021b506:   ff 15 bc 88 06 00 85 c0 74 40 48 8d 54 24 30 48
0x00007ff81021b516:   8b ce ff 15 aa 88 06 00 85 c0 74 2e 48 8d 54 24
0x00007ff81021b526:   34 48 8d 8c 24 a4 00 00 00 ff 15 db 83 06 00 85
0x00007ff81021b536:   c0 74 17 48 8d 54 24 44 48 8d 8c 24 b4 00 00 00
0x00007ff81021b546:   ff 15 c4 83 06 00 85 c0 75 11 ff c7 3b 7b 0c 0f
0x00007ff81021b556:   8c 15 ff ff ff 8b 3d 3f be 06 00 48 8b cb e8 a7
0x00007ff81021b566:   c9 f4 ff 90 8b c7 48 8b 8c 24 10 01 00 00 48 33
0x00007ff81021b576:   cc e8 54 02 01 00 4c 8d 9c 24 20 01 00 00 49 8b
0x00007ff81021b586:   5b 18 49 8b 6b 20 49 8b 73 28 49 8b e3 5f c3 cc
0x00007ff81021b596:   cc cc cc cc cc cc cc cc cc cc 48 8b 41 08 48 8b
0x00007ff81021b5a6:   80 18 0c 00 00 c3 cc cc cc cc 48 8b 41 08 48 05
0x00007ff81021b5b6:   00 04 00 00 c3 cc cc cc cc cc 40 53 48 83 ec 20
0x00007ff81021b5c6:   83 79 50 00 48 8b d9 75 56 48 8b 49 28 4c 8d 44
0x00007ff81021b5d6:   24 38 48 8d 54 24 30 c7 44 24 30 00 00 80 bf c7
0x00007ff81021b5e6:   44 24 38 00 00 80 bf e8 be e1 00 00 f3 0f 10 54
0x00007ff81021b5f6:   24 30 0f 57 c0 0f 2f d0 76 25 f3 0f 10 4c 24 38
0x00007ff81021b606:   0f 2f c8 76 1a f3 0f 5e 15 f9 a6 02 00 f3 0f 5e
0x00007ff81021b616:   0d f1 a6 02 00 f3 0f 11 53 48 f3 0f 11 4b 4c 48
0x00007ff81021b626:   83 c4 20 5b c3 cc cc cc cc cc 48 89 5c 24 10 48
0x00007ff81021b636:   89 74 24 18 48 89 7c 24 20 41 56 48 83 ec 40 48
0x00007ff81021b646:   8b d9 48 83 79 18 00 75 14 b9 28 04 00 00 e8 97
0x00007ff81021b656:   97 00 00 48 89 43 18 c7 00 28 00 00 00 48 8b 43
0x00007ff81021b666:   18 33 ff 66 89 78 0e 48 8b 4b 28 e8 5a 03 00 00
0x00007ff81021b676:   48 8b f0 ba 01 00 00 00 44 8b c2 48 8b c8 ff 15
0x00007ff81021b686:   a6 7f 06 00 4c 8b f0 89 7c 24 30 48 8b 4b 18 48
0x00007ff81021b696:   89 4c 24 28 48 89 7c 24 20 44 8d 4f 01 45 33 c0
0x00007ff81021b6a6:   48 8b d0 48 8b ce ff 15 5e 80 06 00 48 8b 53 30
0x00007ff81021b6b6:   48 8b 0b 83 79 04 08 0f 8e 01 02 00 00 f6 42 24 


Stack slot to memory mapping:

stack at sp + 0 slots: 0x000001c58afa7200 points into unknown readable memory: 0x000001c57312eb50 | 50 eb 12 73 c5 01 00 00
stack at sp + 1 slots: 0x00007fff9550696f jvm.dll
stack at sp + 2 slots: 0x00007fff95db41a0 jvm.dll
stack at sp + 3 slots: 0x000001c58afa7200 points into unknown readable memory: 0x000001c57312eb50 | 50 eb 12 73 c5 01 00 00
stack at sp + 4 slots: 0x000001c58afa7200 points into unknown readable memory: 0x000001c57312eb50 | 50 eb 12 73 c5 01 00 00
stack at sp + 5 slots: 0x00007ff81021ce02 awt.dll
stack at sp + 6 slots: 0x00007ff81027a848 awt.dll
stack at sp + 7 slots: {method} {0x000001c5743aa968} 'initNativeScale' '(I)V' in 'sun/awt/Win32GraphicsDevice'


---------------  P R O C E S S  ---------------

Threads class SMR info:
_java_thread_list=0x000001c587dc51a0, length=38, elements={
0x000001c5706526e0, 0x000001c570652d50, 0x000001c570657750, 0x000001c570657ef0,
0x000001c57065b500, 0x000001c57066da90, 0x000001c5706723d0, 0x000001c57067aca0,
0x000001c57312b2b0, 0x000001c573140330, 0x000001c57312f300, 0x000001c573144940,
0x000001c57314bf50, 0x000001c573725d70, 0x000001c5736f0850, 0x000001c573708610,
0x000001c543521430, 0x000001c578b0dd80, 0x000001c578f5df90, 0x000001c578f5ecb0,
0x000001c578f5bec0, 0x000001c578f5c550, 0x000001c578f5e620, 0x000001c578f5f340,
0x000001c578f5d900, 0x000001c578f5d270, 0x000001c5880b7130, 0x000001c5880b7e50,
0x000001c5880b77c0, 0x000001c5880b6aa0, 0x000001c5880b84e0, 0x000001c5880b56f0,
0x000001c5880bac40, 0x000001c5880bb2d0, 0x000001c5880bbff0, 0x000001c588100da0,
0x000001c5881027e0, 0x000001c588101430
}

Java Threads: ( => current thread )
  0x000001c5706526e0 JavaThread "Reference Handler"          daemon [_thread_blocked, id=22672, stack(0x0000005680000000,0x0000005680100000) (1024K)]
  0x000001c570652d50 JavaThread "Finalizer"                  daemon [_thread_blocked, id=20648, stack(0x0000005680100000,0x0000005680200000) (1024K)]
  0x000001c570657750 JavaThread "Signal Dispatcher"          daemon [_thread_blocked, id=12716, stack(0x0000005680200000,0x0000005680300000) (1024K)]
  0x000001c570657ef0 JavaThread "Attach Listener"            daemon [_thread_blocked, id=17184, stack(0x0000005680300000,0x0000005680400000) (1024K)]
  0x000001c57065b500 JavaThread "Service Thread"             daemon [_thread_blocked, id=18624, stack(0x0000005680400000,0x0000005680500000) (1024K)]
  0x000001c57066da90 JavaThread "Monitor Deflation Thread"   daemon [_thread_blocked, id=1088, stack(0x0000005680500000,0x0000005680600000) (1024K)]
  0x000001c5706723d0 JavaThread "C2 CompilerThread0"         daemon [_thread_blocked, id=10776, stack(0x0000005680600000,0x0000005680700000) (1024K)]
  0x000001c57067aca0 JavaThread "C1 CompilerThread0"         daemon [_thread_blocked, id=18836, stack(0x0000005680700000,0x0000005680800000) (1024K)]
  0x000001c57312b2b0 JavaThread "JDWP Transport Listener: dt_shmem" daemon [_thread_blocked, id=23460, stack(0x0000005680800000,0x0000005680900000) (1024K)]
  0x000001c573140330 JavaThread "JDWP Event Helper Thread"   daemon [_thread_blocked, id=8076, stack(0x0000005680900000,0x0000005680a00000) (1024K)]
  0x000001c57312f300 JavaThread "JDWP Command Reader"        daemon [_thread_in_native, id=9272, stack(0x0000005680a00000,0x0000005680b00000) (1024K)]
  0x000001c573144940 JavaThread "Notification Thread"        daemon [_thread_blocked, id=17680, stack(0x0000005680b00000,0x0000005680c00000) (1024K)]
  0x000001c57314bf50 JavaThread "Common-Cleaner"             daemon [_thread_blocked, id=21072, stack(0x0000005680c00000,0x0000005680d00000) (1024K)]
  0x000001c573725d70 JavaThread "Java2D Disposer"            daemon [_thread_blocked, id=7120, stack(0x0000005680e00000,0x0000005680f00000) (1024K)]
  0x000001c5736f0850 JavaThread "AWT-Windows"                daemon [_thread_in_native, id=4612, stack(0x0000005681000000,0x0000005681100000) (1024K)]
  0x000001c573708610 JavaThread "BlueJ worker thread"               [_thread_blocked, id=21220, stack(0x0000005681200000,0x0000005681300000) (1024K)]
  0x000001c543521430 JavaThread "DestroyJavaVM"                     [_thread_blocked, id=16516, stack(0x00000056ff800000,0x00000056ff900000) (1024K)]
  0x000001c578b0dd80 JavaThread "QuantumRenderer-0"          daemon [_thread_blocked, id=6788, stack(0x0000005682300000,0x0000005682400000) (1024K)]
  0x000001c578f5df90 JavaThread "InvokeLaterDispatcher"      daemon [_thread_blocked, id=10640, stack(0x0000005682400000,0x0000005682500000) (1024K)]
  0x000001c578f5ecb0 JavaThread "JavaFX Application Thread"         [_thread_in_native, id=20312, stack(0x0000005682500000,0x0000005682600000) (1024K)]
  0x000001c578f5bec0 JavaThread "VMCommsSimulation"                 [_thread_in_native, id=7284, stack(0x0000005682d00000,0x0000005682e00000) (1024K)]
  0x000001c578f5c550 JavaThread "Thread-2"                   daemon [_thread_in_native, id=3268, stack(0x0000005681100000,0x0000005681200000) (1024K)]
  0x000001c578f5e620 JavaThread "SimulationThread"                  [_thread_blocked, id=13868, stack(0x0000005683000000,0x0000005683100000) (1024K)]
  0x000001c578f5f340 JavaThread "SoundStream:file:/D:/Downloads/AP-CS-game-thing-main/AP-CS-game-thing-main/game_project/sounds/running.mp3"        [_thread_blocked, id=3040, stack(0x0000005682200000,0x0000005682300000) (1024K)]
  0x000001c578f5d900 JavaThread "Java Sound Event Dispatcher" daemon [_thread_blocked, id=4576, stack(0x0000005683800000,0x0000005683900000) (1024K)]
  0x000001c578f5d270 JavaThread "SoundStream:file:/D:/Downloads/AP-CS-game-thing-main/AP-CS-game-thing-main/game_project/sounds/running.mp3"        [_thread_blocked, id=15208, stack(0x0000005680d00000,0x0000005680e00000) (1024K)]
  0x000001c5880b7130 JavaThread "SoundStream:file:/D:/Downloads/AP-CS-game-thing-main/AP-CS-game-thing-main/game_project/sounds/running.mp3"        [_thread_blocked, id=10040, stack(0x0000005683a00000,0x0000005683b00000) (1024K)]
  0x000001c5880b7e50 JavaThread "SoundStream:file:/D:/Downloads/AP-CS-game-thing-main/AP-CS-game-thing-main/game_project/sounds/running.mp3"        [_thread_blocked, id=18956, stack(0x0000005683c00000,0x0000005683d00000) (1024K)]
  0x000001c5880b77c0 JavaThread "SoundStream:file:/D:/Downloads/AP-CS-game-thing-main/AP-CS-game-thing-main/game_project/sounds/running.mp3"        [_thread_blocked, id=11244, stack(0x0000005683900000,0x0000005683a00000) (1024K)]
  0x000001c5880b6aa0 JavaThread "SoundStream:file:/D:/Downloads/AP-CS-game-thing-main/AP-CS-game-thing-main/game_project/sounds/running.mp3"        [_thread_blocked, id=22808, stack(0x0000005683d00000,0x0000005683e00000) (1024K)]
  0x000001c5880b84e0 JavaThread "SoundStream:file:/D:/Downloads/AP-CS-game-thing-main/AP-CS-game-thing-main/game_project/sounds/running.mp3"        [_thread_blocked, id=11020, stack(0x0000005683f00000,0x0000005684000000) (1024K)]
  0x000001c5880b56f0 JavaThread "SoundStream:file:/D:/Downloads/AP-CS-game-thing-main/AP-CS-game-thing-main/game_project/sounds/running.mp3"        [_thread_blocked, id=19844, stack(0x0000005684000000,0x0000005684100000) (1024K)]
  0x000001c5880bac40 JavaThread "main"                              [_thread_blocked, id=2296, stack(0x0000005680f00000,0x0000005681000000) (1024K)]
  0x000001c5880bb2d0 JavaThread "SoundStream:file:/D:/Downloads/AP-CS-game-thing-main/AP-CS-game-thing-main/game_project/sounds/running.mp3"        [_thread_blocked, id=8792, stack(0x0000005684100000,0x0000005684200000) (1024K)]
  0x000001c5880bbff0 JavaThread "SoundStream:file:/D:/Downloads/AP-CS-game-thing-main/AP-CS-game-thing-main/game_project/sounds/running.mp3"        [_thread_blocked, id=1752, stack(0x0000005683b00000,0x0000005683c00000) (1024K)]
  0x000001c588100da0 JavaThread "SoundStream:file:/D:/Downloads/AP-CS-game-thing-main/AP-CS-game-thing-main/game_project/sounds/running.mp3"        [_thread_blocked, id=15672, stack(0x0000005684300000,0x0000005684400000) (1024K)]
  0x000001c5881027e0 JavaThread "AWT-Shutdown"                      [_thread_blocked, id=8620, stack(0x0000005681600000,0x0000005681700000) (1024K)]
=>0x000001c588101430 JavaThread "AWT-EventQueue-0"                  [_thread_in_native, id=21908, stack(0x0000005681700000,0x0000005681800000) (1024K)]
Total: 38

Other Threads:
  0x000001c57062ba80 VMThread "VM Thread"                           [id=5328, stack(0x00000056fff00000,0x0000005700000000) (1024K)]
  0x000001c572f81920 WatcherThread "VM Periodic Task Thread"        [id=15932, stack(0x00000056ffe00000,0x00000056fff00000) (1024K)]
  0x000001c5704bea80 WorkerThread "GC Thread#0"                     [id=23308, stack(0x00000056ff900000,0x00000056ffa00000) (1024K)]
  0x000001c58785fd40 WorkerThread "GC Thread#1"                     [id=9752, stack(0x0000005683100000,0x0000005683200000) (1024K)]
  0x000001c587861300 WorkerThread "GC Thread#2"                     [id=18480, stack(0x0000005683200000,0x0000005683300000) (1024K)]
  0x000001c587862520 WorkerThread "GC Thread#3"                     [id=6092, stack(0x0000005683300000,0x0000005683400000) (1024K)]
  0x000001c587861de0 WorkerThread "GC Thread#4"                     [id=21356, stack(0x0000005683400000,0x0000005683500000) (1024K)]
  0x000001c587862180 WorkerThread "GC Thread#5"                     [id=23508, stack(0x0000005683500000,0x0000005683600000) (1024K)]
  0x000001c5878628c0 WorkerThread "GC Thread#6"                     [id=18388, stack(0x0000005683600000,0x0000005683700000) (1024K)]
  0x000001c5878616a0 WorkerThread "GC Thread#7"                     [id=7180, stack(0x0000005683700000,0x0000005683800000) (1024K)]
  0x000001c5704c6ae0 ConcurrentGCThread "G1 Main Marker"            [id=22240, stack(0x00000056ffa00000,0x00000056ffb00000) (1024K)]
  0x000001c5704c7000 WorkerThread "G1 Conc#0"                       [id=19772, stack(0x00000056ffb00000,0x00000056ffc00000) (1024K)]
  0x000001c587860bc0 WorkerThread "G1 Conc#1"                       [id=14012, stack(0x0000005681400000,0x0000005681500000) (1024K)]
  0x000001c570569d10 ConcurrentGCThread "G1 Refine#0"               [id=10764, stack(0x00000056ffc00000,0x00000056ffd00000) (1024K)]
  0x000001c57056c150 ConcurrentGCThread "G1 Service"                [id=11744, stack(0x00000056ffd00000,0x00000056ffe00000) (1024K)]
Total: 15

Threads with active compile tasks:
Total: 0

VM state: not at safepoint (normal execution)

VM Mutex/Monitor currently owned by a thread: None

Heap address: 0x0000000426000000, size: 15776 MB, Compressed Oops mode: Zero based, Oop shift amount: 3

CDS archive(s) mapped at: [0x000001c500000000-0x000001c500c90000-0x000001c500c90000), size 13172736, SharedBaseAddress: 0x000001c500000000, ArchiveRelocationMode: 1.
Compressed class space mapped at: 0x000001c501000000-0x000001c541000000, reserved size: 1073741824
Narrow klass base: 0x000001c500000000, Narrow klass shift: 0, Narrow klass range: 0x100000000

GC Precious Log:
 CardTable entry size: 512
 Card Set container configuration: InlinePtr #cards 4 size 8 Array Of Cards #cards 64 size 144 Howl #buckets 8 coarsen threshold 14745 Howl Bitmap #cards 2048 size 272 coarsen threshold 1843 Card regions per heap region 1 cards per card region 16384
 CPUs: 8 total, 8 available
 Memory: 63081M
 Large Page Support: Disabled
 NUMA Support: Disabled
 Compressed Oops: Enabled (Zero based)
 Heap Region Size: 8M
 Heap Min Capacity: 8M
 Heap Initial Capacity: 992M
 Heap Max Capacity: 15776M
 Pre-touch: Disabled
 Parallel Workers: 8
 Concurrent Workers: 2
 Concurrent Refinement Workers: 8
 Periodic GC: Disabled

Heap:
 garbage-first heap   total 360448K, used 119220K [0x0000000426000000, 0x0000000800000000)
  region size 8192K, 4 young (32768K), 0 survivors (0K)
 Metaspace       used 15791K, committed 16128K, reserved 1114112K
  class space    used 1337K, committed 1472K, reserved 1048576K

Heap Regions: E=young(eden), S=young(survivor), O=old, HS=humongous(starts), HC=humongous(continues), CS=collection set, F=free, TAMS=top-at-mark-start, PB=parsable bottom
|   0|0x0000000426000000, 0x00000004267d0f98, 0x0000000426800000| 97%| O|  |TAMS 0x0000000426000000| PB 0x0000000426000000| Untracked 
|   1|0x0000000426800000, 0x0000000426fa7678, 0x0000000427000000| 95%| O|  |TAMS 0x0000000426800000| PB 0x0000000426800000| Untracked 
|   2|0x0000000427000000, 0x0000000427800000, 0x0000000427800000|100%| O|  |TAMS 0x0000000427000000| PB 0x0000000427000000| Untracked 
|   3|0x0000000427800000, 0x0000000427f22ef8, 0x0000000428000000| 89%| O|  |TAMS 0x0000000427800000| PB 0x0000000427800000| Untracked 
|   4|0x0000000428000000, 0x00000004287a64f8, 0x0000000428800000| 95%| O|  |TAMS 0x0000000428000000| PB 0x0000000428000000| Untracked 
|   5|0x0000000428800000, 0x0000000428fafd48, 0x0000000429000000| 96%| O|  |TAMS 0x0000000428800000| PB 0x0000000428800000| Untracked 
|   6|0x0000000429000000, 0x00000004297359f0, 0x0000000429800000| 90%| O|  |TAMS 0x0000000429000000| PB 0x0000000429000000| Untracked 
|   7|0x0000000429800000, 0x0000000429fcc840, 0x000000042a000000| 97%| O|  |TAMS 0x0000000429800000| PB 0x0000000429800000| Untracked 
|   8|0x000000042a000000, 0x000000042a6a3880, 0x000000042a800000| 82%| O|  |TAMS 0x000000042a000000| PB 0x000000042a000000| Untracked 
|   9|0x000000042a800000, 0x000000042aee4358, 0x000000042b000000| 86%| O|  |TAMS 0x000000042a800000| PB 0x000000042a800000| Untracked 
|  10|0x000000042b000000, 0x000000042b6a8530, 0x000000042b800000| 83%| O|  |TAMS 0x000000042b000000| PB 0x000000042b000000| Untracked 
|  11|0x000000042b800000, 0x000000042ba2f938, 0x000000042c000000| 27%| O|  |TAMS 0x000000042b800000| PB 0x000000042b800000| Untracked 
|  12|0x000000042c000000, 0x000000042c224d50, 0x000000042c800000| 26%| O|  |TAMS 0x000000042c000000| PB 0x000000042c000000| Untracked 
|  13|0x000000042c800000, 0x000000042ccab158, 0x000000042d000000| 58%| O|  |TAMS 0x000000042c800000| PB 0x000000042c800000| Untracked 
|  14|0x000000042d000000, 0x000000042d249ff8, 0x000000042d800000| 28%| O|  |TAMS 0x000000042d000000| PB 0x000000042d000000| Untracked 
|  15|0x000000042d800000, 0x000000042d800000, 0x000000042e000000|  0%| F|  |TAMS 0x000000042d800000| PB 0x000000042d800000| Untracked 
|  16|0x000000042e000000, 0x000000042e000000, 0x000000042e800000|  0%| F|  |TAMS 0x000000042e000000| PB 0x000000042e000000| Untracked 
|  17|0x000000042e800000, 0x000000042e800000, 0x000000042f000000|  0%| F|  |TAMS 0x000000042e800000| PB 0x000000042e800000| Untracked 
|  18|0x000000042f000000, 0x000000042f000000, 0x000000042f800000|  0%| F|  |TAMS 0x000000042f000000| PB 0x000000042f000000| Untracked 
|  19|0x000000042f800000, 0x000000042f800000, 0x0000000430000000|  0%| F|  |TAMS 0x000000042f800000| PB 0x000000042f800000| Untracked 
|  20|0x0000000430000000, 0x0000000430000000, 0x0000000430800000|  0%| F|  |TAMS 0x0000000430000000| PB 0x0000000430000000| Untracked 
|  21|0x0000000430800000, 0x0000000430800000, 0x0000000431000000|  0%| F|  |TAMS 0x0000000430800000| PB 0x0000000430800000| Untracked 
|  22|0x0000000431000000, 0x0000000431000000, 0x0000000431800000|  0%| F|  |TAMS 0x0000000431000000| PB 0x0000000431000000| Untracked 
|  23|0x0000000431800000, 0x0000000431800000, 0x0000000432000000|  0%| F|  |TAMS 0x0000000431800000| PB 0x0000000431800000| Untracked 
|  24|0x0000000432000000, 0x0000000432000000, 0x0000000432800000|  0%| F|  |TAMS 0x0000000432000000| PB 0x0000000432000000| Untracked 
|  25|0x0000000432800000, 0x0000000432800000, 0x0000000433000000|  0%| F|  |TAMS 0x0000000432800000| PB 0x0000000432800000| Untracked 
|  26|0x0000000433000000, 0x0000000433000000, 0x0000000433800000|  0%| F|  |TAMS 0x0000000433000000| PB 0x0000000433000000| Untracked 
|  27|0x0000000433800000, 0x0000000433800000, 0x0000000434000000|  0%| F|  |TAMS 0x0000000433800000| PB 0x0000000433800000| Untracked 
|  28|0x0000000434000000, 0x0000000434000000, 0x0000000434800000|  0%| F|  |TAMS 0x0000000434000000| PB 0x0000000434000000| Untracked 
|  29|0x0000000434800000, 0x0000000434800000, 0x0000000435000000|  0%| F|  |TAMS 0x0000000434800000| PB 0x0000000434800000| Untracked 
|  30|0x0000000435000000, 0x0000000435000000, 0x0000000435800000|  0%| F|  |TAMS 0x0000000435000000| PB 0x0000000435000000| Untracked 
|  31|0x0000000435800000, 0x0000000435800000, 0x0000000436000000|  0%| F|  |TAMS 0x0000000435800000| PB 0x0000000435800000| Untracked 
|  32|0x0000000436000000, 0x0000000436000000, 0x0000000436800000|  0%| F|  |TAMS 0x0000000436000000| PB 0x0000000436000000| Untracked 
|  33|0x0000000436800000, 0x0000000436800000, 0x0000000437000000|  0%| F|  |TAMS 0x0000000436800000| PB 0x0000000436800000| Untracked 
|  34|0x0000000437000000, 0x0000000437000000, 0x0000000437800000|  0%| F|  |TAMS 0x0000000437000000| PB 0x0000000437000000| Untracked 
|  35|0x0000000437800000, 0x0000000437800000, 0x0000000438000000|  0%| F|  |TAMS 0x0000000437800000| PB 0x0000000437800000| Untracked 
|  36|0x0000000438000000, 0x0000000438000000, 0x0000000438800000|  0%| F|  |TAMS 0x0000000438000000| PB 0x0000000438000000| Untracked 
|  37|0x0000000438800000, 0x0000000438800000, 0x0000000439000000|  0%| F|  |TAMS 0x0000000438800000| PB 0x0000000438800000| Untracked 
|  38|0x0000000439000000, 0x0000000439000000, 0x0000000439800000|  0%| F|  |TAMS 0x0000000439000000| PB 0x0000000439000000| Untracked 
|  39|0x0000000439800000, 0x0000000439800000, 0x000000043a000000|  0%| F|  |TAMS 0x0000000439800000| PB 0x0000000439800000| Untracked 
|  40|0x000000043a000000, 0x000000043a76bdb8, 0x000000043a800000| 92%| E|  |TAMS 0x000000043a000000| PB 0x000000043a000000| Complete 
|1969|0x00000007fe800000, 0x00000007ff000000, 0x00000007ff000000|100%| E|CS|TAMS 0x00000007fe800000| PB 0x00000007fe800000| Complete 
|1970|0x00000007ff000000, 0x00000007ff800000, 0x00000007ff800000|100%| E|CS|TAMS 0x00000007ff000000| PB 0x00000007ff000000| Complete 
|1971|0x00000007ff800000, 0x0000000800000000, 0x0000000800000000|100%| E|CS|TAMS 0x00000007ff800000| PB 0x00000007ff800000| Complete 

Card table byte_map: [0x000001c55eeb0000,0x000001c560d80000] _byte_map_base: 0x000001c55cd80000

Marking Bits: (CMBitMap*) 0x000001c543773860
 Bits: [0x000001c560d80000, 0x000001c570400000)

Polling page: 0x000001c543780000

Metaspace:

Usage:
  Non-class:     14.11 MB used.
      Class:      1.31 MB used.
       Both:     15.42 MB used.

Virtual space:
  Non-class space:       64.00 MB reserved,      14.31 MB ( 22%) committed,  1 nodes.
      Class space:        1.00 GB reserved,       1.44 MB ( <1%) committed,  1 nodes.
             Both:        1.06 GB reserved,      15.75 MB (  1%) committed. 

Chunk freelists:
   Non-Class:  1.64 MB
       Class:  14.51 MB
        Both:  16.15 MB

MaxMetaspaceSize: unlimited
CompressedClassSpaceSize: 1.00 GB
Initial GC threshold: 21.00 MB
Current GC threshold: 26.06 MB
CDS: on
 - commit_granule_bytes: 65536.
 - commit_granule_words: 8192.
 - virtual_space_node_default_size: 8388608.
 - enlarge_chunks_in_place: 1.
 - use_allocation_guard: 0.


Internal statistics:

num_allocs_failed_limit: 0.
num_arena_births: 364.
num_arena_deaths: 56.
num_vsnodes_births: 2.
num_vsnodes_deaths: 0.
num_space_committed: 261.
num_space_uncommitted: 9.
num_chunks_returned_to_freelist: 219.
num_chunks_taken_from_freelist: 869.
num_chunk_merges: 54.
num_chunk_splits: 598.
num_chunks_enlarged: 499.
num_inconsistent_stats: 0.

CodeHeap 'non-profiled nmethods': size=120000Kb used=2934Kb max_used=4694Kb free=117065Kb
 bounds [0x000001c555040000, 0x000001c5554f0000, 0x000001c55c570000]
CodeHeap 'profiled nmethods': size=120000Kb used=2302Kb max_used=5954Kb free=117698Kb
 bounds [0x000001c54d570000, 0x000001c54db70000, 0x000001c554aa0000]
CodeHeap 'non-nmethods': size=5760Kb used=1999Kb max_used=2052Kb free=3761Kb
 bounds [0x000001c554aa0000, 0x000001c554d10000, 0x000001c555040000]
 total_blobs=2223 nmethods=1474 adapters=653
 compilation: enabled
              stopped_count=0, restarted_count=0
 full_count=0

Compilation events (20 events):
Event: 3677.353 Thread 0x000001c5706723d0 11267       4       jdk.internal.org.objectweb.asm.ByteVector::putUTF8 (144 bytes)
Event: 3677.356 Thread 0x000001c5706723d0 nmethod 11267 0x000001c5550b5a90 code [0x000001c5550b5c60, 0x000001c5550b60c8]
Event: 3677.365 Thread 0x000001c57067aca0 11269       3       java.util.HashMap::isEmpty (13 bytes)
Event: 3677.365 Thread 0x000001c57067aca0 nmethod 11269 0x000001c54d749e90 code [0x000001c54d74a020, 0x000001c54d74a188]
Event: 3690.205 Thread 0x000001c5706723d0 11270       4       java.util.Objects::checkIndex (7 bytes)
Event: 3690.205 Thread 0x000001c5706723d0 nmethod 11270 0x000001c5552a2e10 code [0x000001c5552a2f80, 0x000001c5552a3028]
Event: 3690.713 Thread 0x000001c5706723d0 11271       4       java.util.concurrent.ConcurrentHashMap::spread (10 bytes)
Event: 3690.713 Thread 0x000001c57067aca0 11272       3       jdk.internal.loader.BuiltinClassLoader::findLoadedModule (33 bytes)
Event: 3690.713 Thread 0x000001c5706723d0 nmethod 11271 0x000001c5550b5790 code [0x000001c5550b5900, 0x000001c5550b5978]
Event: 3690.713 Thread 0x000001c5706723d0 11274       4       jdk.internal.misc.Unsafe::toUnsignedLong (7 bytes)
Event: 3690.713 Thread 0x000001c5706723d0 nmethod 11274 0x000001c5550b5310 code [0x000001c5550b5480, 0x000001c5550b54e8]
Event: 3690.713 Thread 0x000001c57067aca0 nmethod 11272 0x000001c54d602c90 code [0x000001c54d602ec0, 0x000001c54d603540]
Event: 3690.713 Thread 0x000001c57067aca0 11273       3       jdk.internal.loader.BuiltinClassLoader::loadClassOrNull (7 bytes)
Event: 3690.713 Thread 0x000001c57067aca0 nmethod 11273 0x000001c54d602810 code [0x000001c54d6029c0, 0x000001c54d602ba8]
Event: 3690.713 Thread 0x000001c57067aca0 11275   !   3       java.util.concurrent.ConcurrentHashMap::computeIfAbsent (576 bytes)
Event: 3690.715 Thread 0x000001c57067aca0 nmethod 11275 0x000001c54d932910 code [0x000001c54d932d60, 0x000001c54d9354d8]
Event: 3690.723 Thread 0x000001c5706723d0 11276       4       java.util.AbstractCollection::<init> (5 bytes)
Event: 3690.723 Thread 0x000001c5706723d0 nmethod 11276 0x000001c5551abd10 code [0x000001c5551abe80, 0x000001c5551abf08]
Event: 3692.568 Thread 0x000001c57067aca0 11277       3       java.util.HashSet::isEmpty (8 bytes)
Event: 3692.569 Thread 0x000001c57067aca0 nmethod 11277 0x000001c54d932410 code [0x000001c54d9325c0, 0x000001c54d932818]

GC Heap History (20 events):
Event: 2946.243 GC heap before
{Heap before GC invocations=3207 (full 182):
 garbage-first heap   total 466944K, used 370969K [0x0000000426000000, 0x0000000800000000)
  region size 8192K, 34 young (278528K), 1 survivors (8192K)
 Metaspace       used 15749K, committed 16128K, reserved 1114112K
  class space    used 1330K, committed 1472K, reserved 1048576K
}
Event: 2946.243 GC heap after
{Heap after GC invocations=3208 (full 182):
 garbage-first heap   total 466944K, used 100646K [0x0000000426000000, 0x0000000800000000)
  region size 8192K, 1 young (8192K), 1 survivors (8192K)
 Metaspace       used 15749K, committed 16128K, reserved 1114112K
  class space    used 1330K, committed 1472K, reserved 1048576K
}
Event: 2946.337 GC heap before
{Heap before GC invocations=3208 (full 182):
 garbage-first heap   total 466944K, used 370982K [0x0000000426000000, 0x0000000800000000)
  region size 8192K, 34 young (278528K), 1 survivors (8192K)
 Metaspace       used 15749K, committed 16128K, reserved 1114112K
  class space    used 1330K, committed 1472K, reserved 1048576K
}
Event: 2946.337 GC heap after
{Heap after GC invocations=3209 (full 182):
 garbage-first heap   total 466944K, used 100650K [0x0000000426000000, 0x0000000800000000)
  region size 8192K, 1 young (8192K), 1 survivors (8192K)
 Metaspace       used 15749K, committed 16128K, reserved 1114112K
  class space    used 1330K, committed 1472K, reserved 1048576K
}
Event: 2946.428 GC heap before
{Heap before GC invocations=3209 (full 182):
 garbage-first heap   total 466944K, used 370986K [0x0000000426000000, 0x0000000800000000)
  region size 8192K, 34 young (278528K), 1 survivors (8192K)
 Metaspace       used 15749K, committed 16128K, reserved 1114112K
  class space    used 1330K, committed 1472K, reserved 1048576K
}
Event: 2946.428 GC heap after
{Heap after GC invocations=3210 (full 182):
 garbage-first heap   total 466944K, used 100647K [0x0000000426000000, 0x0000000800000000)
  region size 8192K, 1 young (8192K), 1 survivors (8192K)
 Metaspace       used 15749K, committed 16128K, reserved 1114112K
  class space    used 1330K, committed 1472K, reserved 1048576K
}
Event: 2946.519 GC heap before
{Heap before GC invocations=3210 (full 182):
 garbage-first heap   total 466944K, used 370983K [0x0000000426000000, 0x0000000800000000)
  region size 8192K, 34 young (278528K), 1 survivors (8192K)
 Metaspace       used 15749K, committed 16128K, reserved 1114112K
  class space    used 1330K, committed 1472K, reserved 1048576K
}
Event: 2946.519 GC heap after
{Heap after GC invocations=3211 (full 182):
 garbage-first heap   total 466944K, used 100642K [0x0000000426000000, 0x0000000800000000)
  region size 8192K, 1 young (8192K), 1 survivors (8192K)
 Metaspace       used 15749K, committed 16128K, reserved 1114112K
  class space    used 1330K, committed 1472K, reserved 1048576K
}
Event: 2946.613 GC heap before
{Heap before GC invocations=3211 (full 182):
 garbage-first heap   total 466944K, used 370978K [0x0000000426000000, 0x0000000800000000)
  region size 8192K, 34 young (278528K), 1 survivors (8192K)
 Metaspace       used 15749K, committed 16128K, reserved 1114112K
  class space    used 1330K, committed 1472K, reserved 1048576K
}
Event: 2946.613 GC heap after
{Heap after GC invocations=3212 (full 182):
 garbage-first heap   total 466944K, used 100636K [0x0000000426000000, 0x0000000800000000)
  region size 8192K, 1 young (8192K), 1 survivors (8192K)
 Metaspace       used 15749K, committed 16128K, reserved 1114112K
  class space    used 1330K, committed 1472K, reserved 1048576K
}
Event: 2946.637 GC heap before
{Heap before GC invocations=3212 (full 182):
 garbage-first heap   total 466944K, used 166172K [0x0000000426000000, 0x0000000800000000)
  region size 8192K, 10 young (81920K), 1 survivors (8192K)
 Metaspace       used 15749K, committed 16128K, reserved 1114112K
  class space    used 1330K, committed 1472K, reserved 1048576K
}
Event: 2946.643 GC heap after
{Heap after GC invocations=3213 (full 183):
 garbage-first heap   total 303104K, used 80930K [0x0000000426000000, 0x0000000800000000)
  region size 8192K, 0 young (0K), 0 survivors (0K)
 Metaspace       used 15749K, committed 16128K, reserved 1114112K
  class space    used 1330K, committed 1472K, reserved 1048576K
}
Event: 2946.659 GC heap before
{Heap before GC invocations=3213 (full 183):
 garbage-first heap   total 303104K, used 80930K [0x0000000426000000, 0x0000000800000000)
  region size 8192K, 1 young (8192K), 0 survivors (0K)
 Metaspace       used 15749K, committed 16128K, reserved 1114112K
  class space    used 1330K, committed 1472K, reserved 1048576K
}
Event: 2946.660 GC heap after
{Heap after GC invocations=3214 (full 183):
 garbage-first heap   total 303104K, used 88110K [0x0000000426000000, 0x0000000800000000)
  region size 8192K, 1 young (8192K), 1 survivors (8192K)
 Metaspace       used 15749K, committed 16128K, reserved 1114112K
  class space    used 1330K, committed 1472K, reserved 1048576K
}
Event: 2946.773 GC heap before
{Heap before GC invocations=3215 (full 183):
 garbage-first heap   total 303104K, used 292910K [0x0000000426000000, 0x0000000800000000)
  region size 8192K, 16 young (131072K), 1 survivors (8192K)
 Metaspace       used 15749K, committed 16128K, reserved 1114112K
  class space    used 1330K, committed 1472K, reserved 1048576K
}
Event: 2946.774 GC heap after
{Heap after GC invocations=3216 (full 183):
 garbage-first heap   total 335872K, used 189625K [0x0000000426000000, 0x0000000800000000)
  region size 8192K, 3 young (24576K), 3 survivors (24576K)
 Metaspace       used 15749K, committed 16128K, reserved 1114112K
  class space    used 1330K, committed 1472K, reserved 1048576K
}
Event: 2946.811 GC heap before
{Heap before GC invocations=3216 (full 183):
 garbage-first heap   total 335872K, used 296121K [0x0000000426000000, 0x0000000800000000)
  region size 8192K, 13 young (106496K), 3 survivors (24576K)
 Metaspace       used 15749K, committed 16128K, reserved 1114112K
  class space    used 1330K, committed 1472K, reserved 1048576K
}
Event: 2946.812 GC heap after
{Heap after GC invocations=3217 (full 183):
 garbage-first heap   total 360448K, used 184351K [0x0000000426000000, 0x0000000800000000)
  region size 8192K, 2 young (16384K), 2 survivors (16384K)
 Metaspace       used 15749K, committed 16128K, reserved 1114112K
  class space    used 1330K, committed 1472K, reserved 1048576K
}
Event: 2946.832 GC heap before
{Heap before GC invocations=3217 (full 183):
 garbage-first heap   total 360448K, used 192543K [0x0000000426000000, 0x0000000800000000)
  region size 8192K, 4 young (32768K), 2 survivors (16384K)
 Metaspace       used 15749K, committed 16128K, reserved 1114112K
  class space    used 1330K, committed 1472K, reserved 1048576K
}
Event: 2946.837 GC heap after
{Heap after GC invocations=3218 (full 184):
 garbage-first heap   total 360448K, used 94644K [0x0000000426000000, 0x0000000800000000)
  region size 8192K, 0 young (0K), 0 survivors (0K)
 Metaspace       used 15749K, committed 16128K, reserved 1114112K
  class space    used 1330K, committed 1472K, reserved 1048576K
}

Dll operation events (20 events):
Event: 0.739 Loaded shared library C:\Users\alec\.openjfx\cache\21.0.3+2\amd64\api-ms-win-crt-private-l1-1-0.dll
Event: 0.740 Loaded shared library C:\Users\alec\.openjfx\cache\21.0.3+2\amd64\api-ms-win-crt-process-l1-1-0.dll
Event: 0.741 Loaded shared library C:\Users\alec\.openjfx\cache\21.0.3+2\amd64\api-ms-win-crt-runtime-l1-1-0.dll
Event: 0.742 Loaded shared library C:\Users\alec\.openjfx\cache\21.0.3+2\amd64\api-ms-win-crt-stdio-l1-1-0.dll
Event: 0.743 Loaded shared library C:\Users\alec\.openjfx\cache\21.0.3+2\amd64\api-ms-win-crt-string-l1-1-0.dll
Event: 0.744 Loaded shared library C:\Users\alec\.openjfx\cache\21.0.3+2\amd64\api-ms-win-crt-time-l1-1-0.dll
Event: 0.745 Loaded shared library C:\Users\alec\.openjfx\cache\21.0.3+2\amd64\api-ms-win-crt-utility-l1-1-0.dll
Event: 0.752 Loaded shared library C:\Users\alec\.openjfx\cache\21.0.3+2\amd64\ucrtbase.dll
Event: 0.753 Loaded shared library C:\Users\alec\.openjfx\cache\21.0.3+2\amd64\vcruntime140.dll
Event: 0.754 Loaded shared library C:\Users\alec\.openjfx\cache\21.0.3+2\amd64\vcruntime140_1.dll
Event: 0.758 Loaded shared library C:\Users\alec\.openjfx\cache\21.0.3+2\amd64\msvcp140.dll
Event: 0.759 Loaded shared library C:\Users\alec\.openjfx\cache\21.0.3+2\amd64\msvcp140_1.dll
Event: 0.761 Loaded shared library C:\Users\alec\.openjfx\cache\21.0.3+2\amd64\msvcp140_2.dll
Event: 0.773 Loaded shared library C:\Users\alec\.openjfx\cache\21.0.3+2\amd64\prism_d3d.dll
Event: 0.793 Loaded shared library C:\Users\alec\.openjfx\cache\21.0.3+2\amd64\glass.dll
Event: 0.890 Loaded shared library D:\Downloads\Greenfoot-windows-390\Greenfoot\jdk\bin\verify.dll
Event: 0.894 Loaded shared library D:\Downloads\Greenfoot-windows-390\greenfoot\jdk\bin\jsound.dll
Event: 1.126 Loaded shared library D:\Downloads\Greenfoot-windows-390\greenfoot\jdk\bin\freetype.dll
Event: 1.126 Loaded shared library D:\Downloads\Greenfoot-windows-390\greenfoot\jdk\bin\fontmanager.dll
Event: 1.151 Loaded shared library D:\Downloads\Greenfoot-windows-390\greenfoot\jdk\bin\javajpeg.dll

Deoptimization events (20 events):
Event: 2946.656 Thread 0x000001c578f5e620 DEOPT PACKING pc=0x000001c555247630 sp=0x00000056830fe150
Event: 2946.657 Thread 0x000001c578f5e620 DEOPT UNPACKING pc=0x000001c554af7da2 sp=0x00000056830fe268 mode 2
Event: 2946.657 Thread 0x000001c578f5e620 DEOPT PACKING pc=0x000001c55529e404 sp=0x00000056830fe320
Event: 2946.657 Thread 0x000001c578f5e620 DEOPT UNPACKING pc=0x000001c554af88e2 sp=0x00000056830fd750 mode 1
Event: 2946.657 Thread 0x000001c578f5e620 Uncommon trap: trap_request=0xffffff97 fr.pc=0x000001c555247630 relative=0x0000000000003130
Event: 2946.657 Thread 0x000001c578f5e620 Uncommon trap: reason=unhandled action=none pc=0x000001c555247630 method=com.sun.media.sound.PortMixerProvider.getMixer(Ljavax/sound/sampled/Mixer$Info;)Ljavax/sound/sampled/Mixer; @ 76 c2
Event: 2946.657 Thread 0x000001c578f5e620 DEOPT PACKING pc=0x000001c555247630 sp=0x00000056830fe150
Event: 2946.657 Thread 0x000001c578f5e620 DEOPT UNPACKING pc=0x000001c554af7da2 sp=0x00000056830fe268 mode 2
Event: 2946.657 Thread 0x000001c578f5e620 DEOPT PACKING pc=0x000001c55529e404 sp=0x00000056830fe320
Event: 2946.657 Thread 0x000001c578f5e620 DEOPT UNPACKING pc=0x000001c554af88e2 sp=0x00000056830fd750 mode 1
Event: 2946.657 Thread 0x000001c578f5e620 Uncommon trap: trap_request=0xffffff97 fr.pc=0x000001c555247630 relative=0x0000000000003130
Event: 2946.657 Thread 0x000001c578f5e620 Uncommon trap: reason=unhandled action=none pc=0x000001c555247630 method=com.sun.media.sound.PortMixerProvider.getMixer(Ljavax/sound/sampled/Mixer$Info;)Ljavax/sound/sampled/Mixer; @ 76 c2
Event: 2946.657 Thread 0x000001c578f5e620 DEOPT PACKING pc=0x000001c555247630 sp=0x00000056830fe150
Event: 2946.657 Thread 0x000001c578f5e620 DEOPT UNPACKING pc=0x000001c554af7da2 sp=0x00000056830fe268 mode 2
Event: 2946.657 Thread 0x000001c578f5e620 DEOPT PACKING pc=0x000001c55529e404 sp=0x00000056830fe320
Event: 2946.657 Thread 0x000001c578f5e620 DEOPT UNPACKING pc=0x000001c554af88e2 sp=0x00000056830fd750 mode 1
Event: 3690.205 Thread 0x000001c578f5ecb0 Uncommon trap: trap_request=0xffffff45 fr.pc=0x000001c5550a9930 relative=0x0000000000000310
Event: 3690.205 Thread 0x000001c578f5ecb0 Uncommon trap: reason=unstable_if action=reinterpret pc=0x000001c5550a9930 method=java.util.ArrayList.add(ILjava/lang/Object;)V @ 29 c2
Event: 3690.205 Thread 0x000001c578f5ecb0 DEOPT PACKING pc=0x000001c5550a9930 sp=0x00000056825fe470
Event: 3690.205 Thread 0x000001c578f5ecb0 DEOPT UNPACKING pc=0x000001c554af7da2 sp=0x00000056825fe438 mode 2

Classes loaded (20 events):
Event: 313.815 Loading class sun/font/CMap$CMapFormat12
Event: 313.815 Loading class sun/font/CMap$CMapFormat12 done
Event: 2023.534 Loading class java/lang/invoke/WrongMethodTypeException
Event: 2023.534 Loading class java/lang/invoke/WrongMethodTypeException done
Event: 2023.534 Loading class java/lang/Throwable$WrappedPrintStream
Event: 2023.534 Loading class java/lang/Throwable$PrintStreamOrWriter
Event: 2023.534 Loading class java/lang/Throwable$PrintStreamOrWriter done
Event: 2023.534 Loading class java/lang/Throwable$WrappedPrintStream done
Event: 2059.327 Loading class jdk/internal/reflect/AccessorUtils
Event: 2059.327 Loading class jdk/internal/reflect/AccessorUtils done
Event: 3677.355 Loading class java/util/WeakHashMap$KeyIterator
Event: 3677.355 Loading class java/util/WeakHashMap$HashIterator
Event: 3677.356 Loading class java/util/WeakHashMap$HashIterator done
Event: 3677.356 Loading class java/util/WeakHashMap$KeyIterator done
Event: 3690.713 Loading class java/util/AbstractList$RandomAccessSubList
Event: 3690.713 Loading class java/util/AbstractList$SubList
Event: 3690.714 Loading class java/util/AbstractList$SubList done
Event: 3690.714 Loading class java/util/AbstractList$RandomAccessSubList done
Event: 3697.309 Loading class java/util/ArrayList$ListItr
Event: 3697.309 Loading class java/util/ArrayList$ListItr done

Classes unloaded (20 events):
Event: 2653.202 Thread 0x000001c57062ba80 Unloading class 0x000001c5011389b0 'EndScreen'
Event: 2653.202 Thread 0x000001c57062ba80 Unloading class 0x000001c501138668 'Counter'
Event: 2653.202 Thread 0x000001c57062ba80 Unloading class 0x000001c501138330 'Animation'
Event: 2653.202 Thread 0x000001c57062ba80 Unloading class 0x000001c501138000 'Overlay'
Event: 2653.202 Thread 0x000001c57062ba80 Unloading class 0x000001c50113aa68 'Renderer'
Event: 2653.202 Thread 0x000001c57062ba80 Unloading class 0x000001c50113a728 'Map'
Event: 2653.202 Thread 0x000001c57062ba80 Unloading class 0x000001c50113a3a0 'Player'
Event: 2653.202 Thread 0x000001c57062ba80 Unloading class 0x000001c50113a000 'Game'
Event: 2799.374 Thread 0x000001c57062ba80 Unloading class 0x000001c50113d600 'Wall'
Event: 2799.374 Thread 0x000001c57062ba80 Unloading class 0x000001c50113d288 'Enemy'
Event: 2799.374 Thread 0x000001c57062ba80 Unloading class 0x000001c50113cf50 'Timer'
Event: 2799.374 Thread 0x000001c57062ba80 Unloading class 0x000001c50113ccd0 'Vector'
Event: 2799.374 Thread 0x000001c57062ba80 Unloading class 0x000001c50113c9b0 'EndScreen'
Event: 2799.374 Thread 0x000001c57062ba80 Unloading class 0x000001c50113c668 'Counter'
Event: 2799.374 Thread 0x000001c57062ba80 Unloading class 0x000001c50113c330 'Animation'
Event: 2799.374 Thread 0x000001c57062ba80 Unloading class 0x000001c50113c000 'Overlay'
Event: 2799.374 Thread 0x000001c57062ba80 Unloading class 0x000001c50113ba68 'Renderer'
Event: 2799.374 Thread 0x000001c57062ba80 Unloading class 0x000001c50113b728 'Map'
Event: 2799.374 Thread 0x000001c57062ba80 Unloading class 0x000001c50113b3a0 'Player'
Event: 2799.374 Thread 0x000001c57062ba80 Unloading class 0x000001c50113b000 'Game'

Classes redefined (0 events):
No events

Internal exceptions (20 events):
Event: 1.323 Thread 0x000001c578f5bec0 Implicit null exception at 0x000001c555105e73 to 0x000001c555109004
Event: 2.644 Thread 0x000001c578f5f340 Exception <a 'java/lang/NoSuchMethodError'{0x0000000436307ba8}: 'java.lang.Object java.lang.invoke.DirectMethodHandle$Holder.invokeSpecial(java.lang.Object, java.lang.Object, int, int, int, int)'> (0x0000000436307ba8) 
thrown [s\src\hotspot\share\interpreter\linkResolver.cpp, line 773]
Event: 2.644 Thread 0x000001c578f5f340 Exception <a 'java/lang/NoSuchMethodError'{0x000000043630acc8}: 'java.lang.Object java.lang.invoke.Invokers$Holder.linkToTargetMethod(int, int, int, int, java.lang.Object)'> (0x000000043630acc8) 
thrown [s\src\hotspot\share\interpreter\linkResolver.cpp, line 773]
Event: 8.923 Thread 0x000001c578f5e620 Implicit null exception at 0x000001c5552e619f to 0x000001c5552e6bec
Event: 20.258 Thread 0x000001c5738dc330 Exception <a 'java/lang/NoSuchMethodError'{0x0000000432a4f860}: 'void java.lang.invoke.DirectMethodHandle$Holder.invokeInterface(java.lang.Object, java.lang.Object)'> (0x0000000432a4f860) 
thrown [s\src\hotspot\share\interpreter\linkResolver.cpp, line 773]
Event: 153.323 Thread 0x000001c578f5e620 Implicit null exception at 0x000001c5551d42e2 to 0x000001c5551d4b38
Event: 153.323 Thread 0x000001c578f5e620 Implicit null exception at 0x000001c555242d26 to 0x000001c5552432f8
Event: 1168.427 Thread 0x000001c578f5e620 Implicit null exception at 0x000001c5552c8d62 to 0x000001c5552c95b8
Event: 1168.427 Thread 0x000001c578f5e620 Implicit null exception at 0x000001c5552141a6 to 0x000001c555214778
Event: 2233.953 Thread 0x000001c578f5e620 Implicit null exception at 0x000001c555369c2e to 0x000001c555369fc0
Event: 2331.803 Thread 0x000001c578f5e620 Implicit null exception at 0x000001c5552350ae to 0x000001c555235440
Event: 2331.982 Thread 0x000001c578f5e620 Exception <a 'java/lang/NoSuchMethodError'{0x0000000439800bf8}: 'java.lang.Object java.lang.invoke.DirectMethodHandle$Holder.newInvokeSpecial(java.lang.Object, java.lang.Object, java.lang.Object, java.lang.Object, java.lang.Object)'> (0x0000000439800bf8) 
thrown [s\src\hotspot\share\interpreter\linkResolver.cpp, line 773]
Event: 2332.049 Thread 0x000001c578f5bec0 Exception <a 'java/lang/NoSuchMethodError'{0x000000043680fe88}: 'java.lang.Object java.lang.invoke.Invokers$Holder.linkToTargetMethod(java.lang.Object, int, int, int, java.lang.Object)'> (0x000000043680fe88) 
thrown [s\src\hotspot\share\interpreter\linkResolver.cpp, line 773]
Event: 2334.626 Thread 0x000001c578f5e620 Implicit null exception at 0x000001c5552350ae to 0x000001c555235440
Event: 2369.905 Thread 0x000001c578f5e620 Implicit null exception at 0x000001c5552dacae to 0x000001c5552db040
Event: 2427.597 Thread 0x000001c578f5e620 Implicit null exception at 0x000001c5550f68ae to 0x000001c5550f6c40
Event: 2497.779 Thread 0x000001c578f5e620 Implicit null exception at 0x000001c55512e6ae to 0x000001c55512ea40
Event: 2507.489 Thread 0x000001c578f5e620 Implicit null exception at 0x000001c55512e6ae to 0x000001c55512ea40
Event: 2516.238 Thread 0x000001c578f5e620 Implicit null exception at 0x000001c5550f68ae to 0x000001c5550f6c40
Event: 2559.041 Thread 0x000001c578f5e620 Implicit null exception at 0x000001c555074d2e to 0x000001c5550750c0

ZGC Phase Switch (0 events):
No events

VM Operations (20 events):
Event: 2946.832 Executing VM operation: G1CollectFull (System.gc())
Event: 2946.837 Executing VM operation: G1CollectFull (System.gc()) done
Event: 3004.422 Executing VM operation: HandshakeAllThreads (HandshakeForDeflation)
Event: 3004.422 Executing VM operation: HandshakeAllThreads (HandshakeForDeflation) done
Event: 3004.422 Executing VM operation: RendezvousGCThreads
Event: 3004.422 Executing VM operation: RendezvousGCThreads done
Event: 3639.674 Executing VM operation: Cleanup
Event: 3639.674 Executing VM operation: Cleanup done
Event: 3665.122 Executing VM operation: HandshakeAllThreads (HandshakeForDeflation)
Event: 3665.122 Executing VM operation: HandshakeAllThreads (HandshakeForDeflation) done
Event: 3665.122 Executing VM operation: RendezvousGCThreads
Event: 3665.122 Executing VM operation: RendezvousGCThreads done
Event: 3678.128 Executing VM operation: Cleanup
Event: 3678.128 Executing VM operation: Cleanup done
Event: 3679.128 Executing VM operation: Cleanup
Event: 3679.128 Executing VM operation: Cleanup done
Event: 3691.134 Executing VM operation: Cleanup
Event: 3691.134 Executing VM operation: Cleanup done
Event: 3697.310 Executing VM operation: HandshakeAllThreads (Deoptimize)
Event: 3697.310 Executing VM operation: HandshakeAllThreads (Deoptimize) done

Memory protections (0 events):
No events

Nmethod flushes (20 events):
Event: 2939.862 Thread 0x000001c57062ba80 flushing  nmethod 0x000001c54d7dd110
Event: 2939.862 Thread 0x000001c57062ba80 flushing osr nmethod 0x000001c54d81af10
Event: 2939.862 Thread 0x000001c57062ba80 flushing  nmethod 0x000001c55530d410
Event: 2939.862 Thread 0x000001c57062ba80 flushing  nmethod 0x000001c54d913810
Event: 2939.862 Thread 0x000001c57062ba80 flushing osr nmethod 0x000001c5552cda10
Event: 2946.663 Thread 0x000001c57062ba80 flushing  nmethod 0x000001c54d7c6510
Event: 2946.663 Thread 0x000001c57062ba80 flushing  nmethod 0x000001c54db35010
Event: 2946.663 Thread 0x000001c57062ba80 flushing  nmethod 0x000001c555085290
Event: 2946.663 Thread 0x000001c57062ba80 flushing  nmethod 0x000001c54d599410
Event: 2946.663 Thread 0x000001c57062ba80 flushing  nmethod 0x000001c54d6ccd90
Event: 2946.663 Thread 0x000001c57062ba80 flushing  nmethod 0x000001c54d6cd710
Event: 2946.663 Thread 0x000001c57062ba80 flushing  nmethod 0x000001c54d57d390
Event: 2946.663 Thread 0x000001c57062ba80 flushing  nmethod 0x000001c54d8ea290
Event: 2946.663 Thread 0x000001c57062ba80 flushing  nmethod 0x000001c54d6cb410
Event: 2946.663 Thread 0x000001c57062ba80 flushing  nmethod 0x000001c54d6cc190
Event: 2946.663 Thread 0x000001c57062ba80 flushing  nmethod 0x000001c54d6cca10
Event: 2946.663 Thread 0x000001c57062ba80 flushing  nmethod 0x000001c54d788010
Event: 2946.663 Thread 0x000001c57062ba80 flushing  nmethod 0x000001c54d7cae10
Event: 2946.663 Thread 0x000001c57062ba80 flushing  nmethod 0x000001c54d871090
Event: 2946.834 Thread 0x000001c57062ba80 flushing  nmethod 0x000001c54d72c510

Events (20 events):
Event: 2946.647 Thread 0x000001c57067aca0 Thread added: 0x000001c58b164510
Event: 2946.647 Thread 0x000001c57067aca0 Thread added: 0x000001c578bf8520
Event: 2951.922 Thread 0x000001c578bf8520 Thread exited: 0x000001c578bf8520
Event: 2956.901 Thread 0x000001c58b164510 Thread exited: 0x000001c58b164510
Event: 3639.120 Thread 0x000001c5736f0850 Thread added: 0x000001c588101430
Event: 3640.125 Thread 0x000001c588101430 Thread exited: 0x000001c588101430
Event: 3677.316 Thread 0x000001c5736f0850 Thread added: 0x000001c588101430
Event: 3677.352 Thread 0x000001c5736f0850 Thread added: 0x000001c588101ac0
Event: 3678.469 Thread 0x000001c588101430 Thread exited: 0x000001c588101430
Event: 3678.469 Thread 0x000001c588101ac0 Thread exited: 0x000001c588101ac0
Event: 3678.773 Thread 0x000001c5736f0850 Thread added: 0x000001c588102e70
Event: 3680.624 Thread 0x000001c588102e70 Thread exited: 0x000001c588102e70
Event: 3688.881 Thread 0x000001c5736f0850 Thread added: 0x000001c588102150
Event: 3690.684 Thread 0x000001c5736f0850 Thread added: 0x000001c588104220
Event: 3691.723 Thread 0x000001c588102150 Thread exited: 0x000001c588102150
Event: 3691.723 Thread 0x000001c588104220 Thread exited: 0x000001c588104220
Event: 3692.561 Thread 0x000001c5736f0850 Thread added: 0x000001c588102e70
Event: 3693.569 Thread 0x000001c588102e70 Thread exited: 0x000001c588102e70
Event: 3695.999 Thread 0x000001c5736f0850 Thread added: 0x000001c5881027e0
Event: 3697.308 Thread 0x000001c5736f0850 Thread added: 0x000001c588101430


Dynamic libraries:
0x00007ff6938d0000 - 0x00007ff6938de000 	D:\Downloads\Greenfoot-windows-390\Greenfoot\jdk\bin\java.exe
0x00007ff853f00000 - 0x00007ff854167000 	C:\WINDOWS\SYSTEM32\ntdll.dll
0x00007ff852ab0000 - 0x00007ff852b79000 	C:\WINDOWS\System32\KERNEL32.DLL
0x00007ff851360000 - 0x00007ff851757000 	C:\WINDOWS\System32\KERNELBASE.dll
0x00007ff84e1c0000 - 0x00007ff84e260000 	C:\WINDOWS\SYSTEM32\apphelp.dll
0x00007ff836710000 - 0x00007ff836728000 	D:\Downloads\Greenfoot-windows-390\Greenfoot\jdk\bin\jli.dll
0x00007ff835940000 - 0x00007ff83595b000 	D:\Downloads\Greenfoot-windows-390\Greenfoot\jdk\bin\VCRUNTIME140.dll
0x00007ff851760000 - 0x00007ff8518ab000 	C:\WINDOWS\System32\ucrtbase.dll
0x00007ff8522b0000 - 0x00007ff852476000 	C:\WINDOWS\System32\USER32.dll
0x00007ff851a20000 - 0x00007ff851a47000 	C:\WINDOWS\System32\win32u.dll
0x00007ff840380000 - 0x00007ff840612000 	C:\WINDOWS\WinSxS\amd64_microsoft.windows.common-controls_6595b64144ccf1df_6.0.26100.8457_none_3e0b2faee331e92d\COMCTL32.dll
0x00007ff852b80000 - 0x00007ff852bab000 	C:\WINDOWS\System32\GDI32.dll
0x00007ff853e10000 - 0x00007ff853eb9000 	C:\WINDOWS\System32\msvcrt.dll
0x00007ff851230000 - 0x00007ff85135c000 	C:\WINDOWS\System32\gdi32full.dll
0x00007ff851970000 - 0x00007ff851a13000 	C:\WINDOWS\System32\msvcp_win.dll
0x00007ff8520a0000 - 0x00007ff8520d2000 	C:\WINDOWS\System32\IMM32.DLL
0x00007ff84c000000 - 0x00007ff84c00c000 	D:\Downloads\Greenfoot-windows-390\Greenfoot\jdk\bin\vcruntime140_1.dll
0x00007ff8335b0000 - 0x00007ff83363e000 	D:\Downloads\Greenfoot-windows-390\Greenfoot\jdk\bin\msvcp140.dll
0x00007fff953d0000 - 0x00007fff96158000 	D:\Downloads\Greenfoot-windows-390\Greenfoot\jdk\bin\server\jvm.dll
0x00007ff851f30000 - 0x00007ff851fe6000 	C:\WINDOWS\System32\ADVAPI32.dll
0x00007ff851ff0000 - 0x00007ff852097000 	C:\WINDOWS\System32\sechost.dll
0x00007ff853c90000 - 0x00007ff853da8000 	C:\WINDOWS\System32\RPCRT4.dll
0x00007ff853c00000 - 0x00007ff853c80000 	C:\WINDOWS\System32\WS2_32.dll
0x00007ff8505e0000 - 0x00007ff85063e000 	C:\WINDOWS\SYSTEM32\POWRPROF.dll
0x00007ff849ed0000 - 0x00007ff849edb000 	C:\WINDOWS\SYSTEM32\VERSION.dll
0x00007ff846be0000 - 0x00007ff846c16000 	C:\WINDOWS\SYSTEM32\WINMM.dll
0x00007ff8505c0000 - 0x00007ff8505d4000 	C:\WINDOWS\SYSTEM32\UMPDC.dll
0x00007ff84f680000 - 0x00007ff84f69b000 	C:\WINDOWS\SYSTEM32\kernel.appcore.dll
0x00007ff846d80000 - 0x00007ff846d8a000 	D:\Downloads\Greenfoot-windows-390\Greenfoot\jdk\bin\jimage.dll
0x00007ff844c90000 - 0x00007ff844ed2000 	C:\WINDOWS\SYSTEM32\DBGHELP.DLL
0x00007ff852c30000 - 0x00007ff852fb3000 	C:\WINDOWS\System32\combase.dll
0x00007ff852940000 - 0x00007ff852a19000 	C:\WINDOWS\System32\OLEAUT32.dll
0x00007ff83f710000 - 0x00007ff83f74b000 	C:\WINDOWS\SYSTEM32\dbgcore.DLL
0x00007ff851a50000 - 0x00007ff851af8000 	C:\WINDOWS\System32\bcryptPrimitives.dll
0x00007ff8433c0000 - 0x00007ff8433fc000 	D:\Downloads\Greenfoot-windows-390\Greenfoot\jdk\bin\jdwp.dll
0x00007ff834890000 - 0x00007ff8348af000 	D:\Downloads\Greenfoot-windows-390\Greenfoot\jdk\bin\java.dll
0x00007ff8531a0000 - 0x00007ff85390e000 	C:\WINDOWS\System32\SHELL32.dll
0x00007ff8509c0000 - 0x00007ff85122c000 	C:\WINDOWS\System32\windows.storage.dll
0x00007ff8520f0000 - 0x00007ff8521e6000 	C:\WINDOWS\System32\SHCORE.dll
0x00007ff852fd0000 - 0x00007ff853036000 	C:\WINDOWS\System32\shlwapi.dll
0x00007ff850850000 - 0x00007ff850879000 	C:\WINDOWS\SYSTEM32\profapi.dll
0x00007ff8334d0000 - 0x00007ff8335a7000 	D:\Downloads\Greenfoot-windows-390\Greenfoot\jdk\bin\jsvml.dll
0x00007ff830e90000 - 0x00007ff830e9b000 	D:\Downloads\Greenfoot-windows-390\Greenfoot\jdk\bin\dt_shmem.dll
0x00007ff846cf0000 - 0x00007ff846d00000 	D:\Downloads\Greenfoot-windows-390\greenfoot\jdk\bin\net.dll
0x00007ff846a50000 - 0x00007ff846b79000 	C:\WINDOWS\SYSTEM32\WINHTTP.dll
0x00007ff84fbd0000 - 0x00007ff84fc3c000 	C:\WINDOWS\system32\mswsock.dll
0x00007ff834780000 - 0x00007ff834796000 	D:\Downloads\Greenfoot-windows-390\greenfoot\jdk\bin\nio.dll
0x00007ff833df0000 - 0x00007ff833e08000 	D:\Downloads\Greenfoot-windows-390\greenfoot\jdk\bin\zip.dll
0x00007ff810140000 - 0x00007ff8102ce000 	D:\Downloads\Greenfoot-windows-390\greenfoot\jdk\bin\awt.dll
0x00007ff84e3d0000 - 0x00007ff84e47a000 	C:\WINDOWS\system32\uxtheme.dll
0x00007ff853040000 - 0x00007ff85319c000 	C:\WINDOWS\System32\MSCTF.dll
0x00007ff851d90000 - 0x00007ff851f27000 	C:\WINDOWS\System32\ole32.dll
0x00007ff84ffd0000 - 0x00007ff84ffeb000 	C:\WINDOWS\SYSTEM32\CRYPTSP.dll
0x00007ff84f5e0000 - 0x00007ff84f619000 	C:\WINDOWS\system32\rsaenh.dll
0x00007ff84fc80000 - 0x00007ff84fcb3000 	C:\WINDOWS\SYSTEM32\USERENV.dll
0x00007ff850820000 - 0x00007ff85084a000 	C:\WINDOWS\SYSTEM32\bcrypt.dll
0x00007ff84ffb0000 - 0x00007ff84ffbc000 	C:\WINDOWS\SYSTEM32\CRYPTBASE.dll
0x00007ff84f0c0000 - 0x00007ff84f0f2000 	C:\WINDOWS\SYSTEM32\IPHLPAPI.DLL
0x00007ff852a20000 - 0x00007ff852a2a000 	C:\WINDOWS\System32\NSI.dll
0x00007ff84e6b0000 - 0x00007ff84e6df000 	C:\WINDOWS\system32\DWMAPI.DLL
0x00007ff80cb20000 - 0x00007ff80cc2f000 	C:\WINDOWS\system32\opengl32.dll
0x00007ff82d090000 - 0x00007ff82d0bd000 	C:\WINDOWS\SYSTEM32\GLU32.dll
0x00007ff84e4f0000 - 0x00007ff84e535000 	C:\WINDOWS\SYSTEM32\dxcore.dll
0x00007ff80eab0000 - 0x00007ff80ec63000 	C:\WINDOWS\system32\d3d9.dll
0x00007ff815a00000 - 0x00007ff815a1f000 	C:\WINDOWS\System32\DriverStore\FileRepository\u0200691.inf_amd64_84c885aed7de6324\B026021\atidx9loader64.dll
0x00007fffb72a0000 - 0x00007fffb9985000 	C:\WINDOWS\System32\DriverStore\FileRepository\u0200691.inf_amd64_84c885aed7de6324\B026021\AMDXN64.DLL
0x00007ff852480000 - 0x00007ff852907000 	C:\WINDOWS\System32\SETUPAPI.dll
0x00007ff84e540000 - 0x00007ff84e67e000 	C:\WINDOWS\SYSTEM32\dxgi.dll
0x00007ff835780000 - 0x00007ff8357be000 	C:\WINDOWS\System32\DriverStore\FileRepository\u0200691.inf_amd64_84c885aed7de6324\B026021\amdihk64.dll
0x00007ff84af10000 - 0x00007ff84af71000 	C:\WINDOWS\SYSTEM32\directxdatabasehelper.dll
0x000001c5874f0000 - 0x000001c5874f3000 	C:\Users\alec\.openjfx\cache\21.0.3+2\amd64\api-ms-win-core-console-l1-1-0.dll
0x000001c587500000 - 0x000001c587503000 	C:\Users\alec\.openjfx\cache\21.0.3+2\amd64\api-ms-win-core-console-l1-2-0.dll
0x000001c587510000 - 0x000001c587513000 	C:\Users\alec\.openjfx\cache\21.0.3+2\amd64\api-ms-win-core-datetime-l1-1-0.dll
0x000001c587520000 - 0x000001c587523000 	C:\Users\alec\.openjfx\cache\21.0.3+2\amd64\api-ms-win-core-debug-l1-1-0.dll
0x000001c587530000 - 0x000001c587533000 	C:\Users\alec\.openjfx\cache\21.0.3+2\amd64\api-ms-win-core-errorhandling-l1-1-0.dll
0x000001c587540000 - 0x000001c587544000 	C:\Users\alec\.openjfx\cache\21.0.3+2\amd64\api-ms-win-core-file-l1-1-0.dll
0x000001c587550000 - 0x000001c587553000 	C:\Users\alec\.openjfx\cache\21.0.3+2\amd64\api-ms-win-core-file-l1-2-0.dll
0x000001c587560000 - 0x000001c587563000 	C:\Users\alec\.openjfx\cache\21.0.3+2\amd64\api-ms-win-core-file-l2-1-0.dll
0x000001c587570000 - 0x000001c587573000 	C:\Users\alec\.openjfx\cache\21.0.3+2\amd64\api-ms-win-core-handle-l1-1-0.dll
0x000001c587580000 - 0x000001c587583000 	C:\Users\alec\.openjfx\cache\21.0.3+2\amd64\api-ms-win-core-heap-l1-1-0.dll
0x000001c587590000 - 0x000001c587593000 	C:\Users\alec\.openjfx\cache\21.0.3+2\amd64\api-ms-win-core-interlocked-l1-1-0.dll
0x000001c5875a0000 - 0x000001c5875a3000 	C:\Users\alec\.openjfx\cache\21.0.3+2\amd64\api-ms-win-core-libraryloader-l1-1-0.dll
0x000001c5875b0000 - 0x000001c5875b3000 	C:\Users\alec\.openjfx\cache\21.0.3+2\amd64\api-ms-win-core-localization-l1-2-0.dll
0x000001c5875c0000 - 0x000001c5875c3000 	C:\Users\alec\.openjfx\cache\21.0.3+2\amd64\api-ms-win-core-memory-l1-1-0.dll
0x000001c5875d0000 - 0x000001c5875d3000 	C:\Users\alec\.openjfx\cache\21.0.3+2\amd64\api-ms-win-core-namedpipe-l1-1-0.dll
0x000001c5875e0000 - 0x000001c5875e3000 	C:\Users\alec\.openjfx\cache\21.0.3+2\amd64\api-ms-win-core-processenvironment-l1-1-0.dll
0x000001c5875f0000 - 0x000001c5875f3000 	C:\Users\alec\.openjfx\cache\21.0.3+2\amd64\api-ms-win-core-processthreads-l1-1-0.dll
0x000001c587600000 - 0x000001c587603000 	C:\Users\alec\.openjfx\cache\21.0.3+2\amd64\api-ms-win-core-processthreads-l1-1-1.dll
0x000001c587610000 - 0x000001c587613000 	C:\Users\alec\.openjfx\cache\21.0.3+2\amd64\api-ms-win-core-profile-l1-1-0.dll
0x000001c587620000 - 0x000001c587623000 	C:\Users\alec\.openjfx\cache\21.0.3+2\amd64\api-ms-win-core-rtlsupport-l1-1-0.dll
0x000001c587630000 - 0x000001c587633000 	C:\Users\alec\.openjfx\cache\21.0.3+2\amd64\api-ms-win-core-string-l1-1-0.dll
0x000001c587640000 - 0x000001c587643000 	C:\Users\alec\.openjfx\cache\21.0.3+2\amd64\api-ms-win-core-synch-l1-1-0.dll
0x000001c587650000 - 0x000001c587653000 	C:\Users\alec\.openjfx\cache\21.0.3+2\amd64\api-ms-win-core-synch-l1-2-0.dll
0x000001c587660000 - 0x000001c587663000 	C:\Users\alec\.openjfx\cache\21.0.3+2\amd64\api-ms-win-core-sysinfo-l1-1-0.dll
0x000001c587670000 - 0x000001c587673000 	C:\Users\alec\.openjfx\cache\21.0.3+2\amd64\api-ms-win-core-timezone-l1-1-0.dll
0x000001c587680000 - 0x000001c587683000 	C:\Users\alec\.openjfx\cache\21.0.3+2\amd64\api-ms-win-core-util-l1-1-0.dll
0x000001c587690000 - 0x000001c587693000 	C:\Users\alec\.openjfx\cache\21.0.3+2\amd64\api-ms-win-crt-conio-l1-1-0.dll
0x000001c5876a0000 - 0x000001c5876a4000 	C:\Users\alec\.openjfx\cache\21.0.3+2\amd64\api-ms-win-crt-convert-l1-1-0.dll
0x000001c5876b0000 - 0x000001c5876b3000 	C:\Users\alec\.openjfx\cache\21.0.3+2\amd64\api-ms-win-crt-environment-l1-1-0.dll
0x000001c5876c0000 - 0x000001c5876c3000 	C:\Users\alec\.openjfx\cache\21.0.3+2\amd64\api-ms-win-crt-filesystem-l1-1-0.dll
0x000001c5876d0000 - 0x000001c5876d3000 	C:\Users\alec\.openjfx\cache\21.0.3+2\amd64\api-ms-win-crt-heap-l1-1-0.dll
0x000001c5876e0000 - 0x000001c5876e3000 	C:\Users\alec\.openjfx\cache\21.0.3+2\amd64\api-ms-win-crt-locale-l1-1-0.dll
0x000001c5876f0000 - 0x000001c5876f5000 	C:\Users\alec\.openjfx\cache\21.0.3+2\amd64\api-ms-win-crt-math-l1-1-0.dll
0x000001c587700000 - 0x000001c587705000 	C:\Users\alec\.openjfx\cache\21.0.3+2\amd64\api-ms-win-crt-multibyte-l1-1-0.dll
0x000001c587710000 - 0x000001c587720000 	C:\Users\alec\.openjfx\cache\21.0.3+2\amd64\api-ms-win-crt-private-l1-1-0.dll
0x000001c587720000 - 0x000001c587723000 	C:\Users\alec\.openjfx\cache\21.0.3+2\amd64\api-ms-win-crt-process-l1-1-0.dll
0x000001c587730000 - 0x000001c587734000 	C:\Users\alec\.openjfx\cache\21.0.3+2\amd64\api-ms-win-crt-runtime-l1-1-0.dll
0x000001c587740000 - 0x000001c587744000 	C:\Users\alec\.openjfx\cache\21.0.3+2\amd64\api-ms-win-crt-stdio-l1-1-0.dll
0x000001c587750000 - 0x000001c587754000 	C:\Users\alec\.openjfx\cache\21.0.3+2\amd64\api-ms-win-crt-string-l1-1-0.dll
0x000001c587760000 - 0x000001c587763000 	C:\Users\alec\.openjfx\cache\21.0.3+2\amd64\api-ms-win-crt-time-l1-1-0.dll
0x000001c587770000 - 0x000001c587773000 	C:\Users\alec\.openjfx\cache\21.0.3+2\amd64\api-ms-win-crt-utility-l1-1-0.dll
0x00007ff8333d0000 - 0x00007ff8334cc000 	C:\Users\alec\.openjfx\cache\21.0.3+2\amd64\ucrtbase.dll
0x00007ff833dd0000 - 0x00007ff833deb000 	C:\Users\alec\.openjfx\cache\21.0.3+2\amd64\vcruntime140.dll
0x00007ff836700000 - 0x00007ff83670c000 	C:\Users\alec\.openjfx\cache\21.0.3+2\amd64\vcruntime140_1.dll
0x00007ff815ba0000 - 0x00007ff815c2e000 	C:\Users\alec\.openjfx\cache\21.0.3+2\amd64\msvcp140.dll
0x00007ff835930000 - 0x00007ff835939000 	C:\Users\alec\.openjfx\cache\21.0.3+2\amd64\msvcp140_1.dll
0x00007ff82d190000 - 0x00007ff82d1d1000 	C:\Users\alec\.openjfx\cache\21.0.3+2\amd64\msvcp140_2.dll
0x00007ff833b80000 - 0x00007ff833bb0000 	C:\Users\alec\.openjfx\cache\21.0.3+2\amd64\prism_d3d.dll
0x00007ff819280000 - 0x00007ff8192c2000 	C:\Users\alec\.openjfx\cache\21.0.3+2\amd64\glass.dll
0x00007ff853920000 - 0x00007ff853a10000 	C:\WINDOWS\System32\COMDLG32.dll
0x00007ff843910000 - 0x00007ff843920000 	D:\Downloads\Greenfoot-windows-390\Greenfoot\jdk\bin\verify.dll
0x00007ff82d170000 - 0x00007ff82d182000 	D:\Downloads\Greenfoot-windows-390\greenfoot\jdk\bin\jsound.dll
0x00007ff814560000 - 0x00007ff8145f4000 	C:\WINDOWS\SYSTEM32\DSOUND.dll
0x00007ff81ffb0000 - 0x00007ff81ffe7000 	C:\WINDOWS\SYSTEM32\winmmbase.dll
0x00007ff803f50000 - 0x00007ff804001000 	C:\WINDOWS\SYSTEM32\ResampleDmo.DLL
0x00007ff8338e0000 - 0x00007ff8338ee000 	C:\WINDOWS\SYSTEM32\msdmo.dll
0x00007ff8521f0000 - 0x00007ff85229e000 	C:\WINDOWS\System32\clbcatq.dll
0x00007ff84a310000 - 0x00007ff84a3a9000 	C:\WINDOWS\System32\MMDevApi.dll

dbghelp: loaded successfully - version: 4.0.5 - missing functions: none
symbol engine: initialized successfully - sym options: 0x614 - pdb path: .;D:\Downloads\Greenfoot-windows-390\Greenfoot\jdk\bin;C:\WINDOWS\SYSTEM32;C:\WINDOWS\WinSxS\amd64_microsoft.windows.common-controls_6595b64144ccf1df_6.0.26100.8457_none_3e0b2faee331e92d;D:\Downloads\Greenfoot-windows-390\Greenfoot\jdk\bin\server;C:\WINDOWS\System32\DriverStore\FileRepository\u0200691.inf_amd64_84c885aed7de6324\B026021;C:\Users\alec\.openjfx\cache\21.0.3+2\amd64

VM Arguments:
jvm_args: -XX:MaxGCPauseMillis=50 -agentlib:jdwp=transport=dt_shmem,address=javadebug -Dfile.encoding=UTF-8 
java_command: bluej.runtime.ExecServer UTF-8
java_class_path (initial): D:\Downloads\Greenfoot-windows-390\greenfoot\lib\greenfoot.jar;D:\Downloads\Greenfoot-windows-390\greenfoot\lib\javafx-base-21.0.3-win.jar;D:\Downloads\Greenfoot-windows-390\greenfoot\lib\javafx-controls-21.0.3-win.jar;D:\Downloads\Greenfoot-windows-390\greenfoot\lib\javafx-fxml-21.0.3-win.jar;D:\Downloads\Greenfoot-windows-390\greenfoot\lib\javafx-graphics-21.0.3-win.jar;D:\Downloads\Greenfoot-windows-390\greenfoot\lib\javafx-media-21.0.3-win.jar;D:\Downloads\Greenfoot-windows-390\greenfoot\lib\javafx-swing-21.0.3-win.jar;D:\Downloads\Greenfoot-windows-390\greenfoot\lib\javafx-web-21.0.3-win.jar;D:\Downloads\Greenfoot-windows-390\greenfoot\lib\junit-4.12.jar;D:\Downloads\Greenfoot-windows-390\greenfoot\lib\junit-jupiter-5.5.2.jar;D:\Downloads\Greenfoot-windows-390\greenfoot\lib\junit-jupiter-api-5.5.2.jar;D:\Downloads\Greenfoot-windows-390\greenfoot\lib\junit-jupiter-engine-5.5.2.jar;D:\Downloads\Greenfoot-windows-390\greenfoot\lib\junit-jupiter-params-5.5.2.jar;D:\Downloads\Greenfoot-windows-390\greenfoot\lib\junit-platform-commons-1.5.2.jar;D:\Downloads\Greenfoot-windows-390\greenfoot\lib\junit-platform-engine-1.5.2.jar;D:\Downloads\Greenfoot-windows-390\greenfoot\lib\junit-platform-launcher-1.5.2.jar;D:\Downloads\Greenfoot-windows-390\greenfoot\lib\junit-platform-suite-api-1.5.2.jar;D:\Downloads\Greenfoot-windows-390\greenfoot\lib\junit-vintage-engine-5.5.2.jar;D:\Downloads\Greenfoot-windows-390\greenfoot\lib\hamcrest-core-1.3.jar;D:\Downloads\Greenfoot-windows-390\greenfoot\lib\opentest4j-1.2.0.jar;D:\Downloads\Greenfoot-windows-390\greenfoot\lib\bluej.jar;D:\Downloads\Greenfoot-windows-390\greenfoot\lib\classgraph-4.8.90.jar;D:\Downloads\Greenfoot-windows-390\greenfoot\lib\diffutils-1.2.1.jar;D:\Downloads\Greenfoot-windows-390\greenfoot\lib\commons-logging-1.2.jar;D:\Downloads\Greenfoot-windows-390\greenfoot\lib\jl1.0.1.jar;D:\Downloads\Greenfoot-windows-390\greenfoot\lib\opencsv-2.3.jar;D:\Downloads\Greenfoot-windows-390\greenfoot\lib\opencsv-2.4.jar;D:\Downloads\Greenfoot-windows-390\greenfoot\lib\xom-1.3.9.jar;D:\Downloads\Greenfoot-windows-390\greenfoot\lib\lang-stride.jar;D:\Downloads\Greenfoot-windows-390\greenfoot\lib\nsmenufx-3.1.0.jar;D:\Downloads\Greenfoot-windows-390\greenfoot\lib\wellbehavedfx-0.3.3.jar;D:\Downloads\Greenfoot-windows-390\greenfoot\lib\guava-33.3.1-jre.jar;D:\Downloads\Greenfoot-windows-390\greenfoot\lib\failureaccess-1.0.2.jar;D:\Downloads\Greenfoot-windows-390\greenfoot\lib\simple-png-0.2.0.jar;D:\Downloads\Greenfoot-windows-390\greenfoot\lib\simple-png-javafx-0.2.0.jar;D:\Downloads\Greenfoot-windows-390\greenfoot\lib\httpclient-4.5.13.jar;D:\Downloads\Greenfoot-windows-390\greenfoot\lib\httpcore-4.4.13.jar;D:\Downloads\Greenfoot-windows-390\greenfoot\lib\httpmime-4.1.1.jar;D:\Downloads\Greenfoot-windows-390\greenfoot\lib\javafx\javafx.base.jar;D:\Downloads\Greenfoot-windows-390\greenfoot\lib\javafx\javafx.controls.jar;D:\Downloads\Greenfoot-windows-390\greenfoot\lib\javafx\javafx.fxml.jar;D:\Downloads\Greenfoot-windows-390\greenfoot\lib\javafx\javafx.graphics.jar;D:\Downloads\Greenfoot-windows-390\greenfoot\lib\javafx\javafx.media.jar;D:\Downloads\Greenfoot-windows-390\greenfoot\lib\javafx\javafx.properties.jar;D:\Downloads\Greenfoot-windows-390\greenfoot\lib\javafx\javafx.swing.jar;D:\Downloads\Greenfoot-windows-390\greenfoot\lib\javafx\javafx.web.jar
Launcher Type: SUN_STANDARD

[Global flags]
     intx CICompilerCount                          = 4                                         {product} {ergonomic}
     uint ConcGCThreads                            = 2                                         {product} {ergonomic}
     uint G1ConcRefinementThreads                  = 8                                         {product} {ergonomic}
   size_t G1HeapRegionSize                         = 8388608                                   {product} {ergonomic}
    uintx GCDrainStackTargetSize                   = 64                                        {product} {ergonomic}
   size_t InitialHeapSize                          = 1040187392                                {product} {ergonomic}
   size_t MarkStackSize                            = 4194304                                   {product} {ergonomic}
    uintx MaxGCPauseMillis                         = 50                                        {product} {command line}
   size_t MaxHeapSize                              = 16542334976                               {product} {ergonomic}
   size_t MaxNewSize                               = 9923723264                                {product} {ergonomic}
   size_t MinHeapDeltaBytes                        = 8388608                                   {product} {ergonomic}
   size_t MinHeapSize                              = 8388608                                   {product} {ergonomic}
    uintx NonNMethodCodeHeapSize                   = 5839372                                {pd product} {ergonomic}
    uintx NonProfiledCodeHeapSize                  = 122909434                              {pd product} {ergonomic}
    uintx ProfiledCodeHeapSize                     = 122909434                              {pd product} {ergonomic}
    uintx ReservedCodeCacheSize                    = 251658240                              {pd product} {ergonomic}
     bool SegmentedCodeCache                       = true                                      {product} {ergonomic}
   size_t SoftMaxHeapSize                          = 16542334976                            {manageable} {ergonomic}
     bool UseCompressedOops                        = true                           {product lp64_product} {ergonomic}
     bool UseG1GC                                  = true                                      {product} {ergonomic}
     bool UseLargePagesIndividualAllocation        = false                                  {pd product} {ergonomic}

Logging:
Log output configuration:
 #0: stdout all=warning uptime,level,tags foldmultilines=false
 #1: stderr all=off uptime,level,tags foldmultilines=false

Environment Variables:
PATH=D:\jre\bin;C:\WINDOWS\system32;C:\WINDOWS;C:\WINDOWS\System32\Wbem;C:\WINDOWS\System32\WindowsPowerShell\v1.0\;C:\WINDOWS\System32\OpenSSH\;C:\Program Files\dotnet\;C:\Program Files\Git\cmd;C:\Program Files\Microsoft VS Code\bin;D:\World\WorldPainter;C:\Users\alec\AppData\Local\Microsoft\WindowsApps;C:\Users\alec\AppData\Local\GitHubDesktop\bin
USERNAME=alec
OS=Windows_NT
PROCESSOR_IDENTIFIER=AMD64 Family 26 Model 68 Stepping 0, AuthenticAMD
TMP=C:\Users\alec\AppData\Local\Temp
TEMP=C:\Users\alec\AppData\Local\Temp




Periodic native trim disabled

---------------  S Y S T E M  ---------------

OS:
 Windows 11 , 64 bit Build 26100 (10.0.26100.8328)
OS uptime: 8 days 2:41 hours
Hyper-V role detected

CPU: total 8 (initial active 8) (8 cores per cpu, 1 threads per core) family 26 model 68 stepping 0 microcode 0xb404032, cx8, cmov, fxsr, mmx, 3dnowpref, sse, sse2, sse3, ssse3, sse4a, sse4.1, sse4.2, popcnt, lzcnt, tsc, tscinvbit, avx, avx2, aes, erms, clmul, bmi1, bmi2, adx, avx512f, avx512dq, avx512cd, avx512bw, avx512vl, sha, fma, vzeroupper, avx512_vpopcntdq, avx512_vpclmulqdq, avx512_vaes, avx512_vnni, clflush, clflushopt, avx512_vbmi2, avx512_vbmi, hv, rdtscp, rdpid, fsrm, gfni, avx512_bitalg, f16c, cet_ss, avx512_ifma
Processor Information for all 8 processors :
  Max Mhz: 4700, Current Mhz: 4700, Mhz Limit: 4700

Memory: 4k page, system-wide physical 63081M (42605M free)
TotalPageFile size 72297M (AvailPageFile size 51707M)
current process WorkingSet (physical memory assigned to process): 500M, peak: 1004M
current process commit charge ("private bytes"): 552M, peak: 1625M

vm_info: OpenJDK 64-Bit Server VM (21.0.4+7-LTS) for windows-amd64 JRE (21.0.4+7-LTS), built on 2024-07-16T00:00:00Z by "admin" with MS VC++ 17.7 (VS2022)

END.
